Component: ARM Compiler 5.06 update 1 (build 61) Tool: armlink [4d35a8]

==============================================================================

Section Cross References

    stm32f10x.o(STACK) refers (Special) to heapauxi.o(.text) for __use_two_region_memory
    stm32f10x.o(HEAP) refers (Special) to heapauxi.o(.text) for __use_two_region_memory
    stm32f10x.o(RESET) refers (Special) to heapauxi.o(.text) for __use_two_region_memory
    stm32f10x.o(RESET) refers to stm32f10x.o(STACK) for __initial_sp
    stm32f10x.o(RESET) refers to stm32f10x.o(.text) for Reset_Handler
    stm32f10x.o(RESET) refers to stm32f10x_it.o(.text) for PVD_IRQHandler
    stm32f10x.o(.text) refers (Special) to heapauxi.o(.text) for __use_two_region_memory
    stm32f10x.o(.text) refers to __main.o(!!!main) for __main
    stm32f10x.o(.text) refers to stm32f10x.o(HEAP) for Heap_Mem
    stm32f10x.o(.text) refers to stm32f10x.o(STACK) for Stack_Mem
    test.o(.text) refers to sys.o(.text) for Stm32_Clock_Init
    test.o(.text) refers to delay.o(.text) for delay_init
    test.o(.text) refers to hw_config.o(.text) for USB_Interrupts_Config
    test.o(.text) refers to usb_init.o(.text) for USB_Init
    test.o(.text) refers to usb_istr.o(.data) for EP2BUSY
    delay.o(.text) refers to delay.o(.data) for fac_us
    sys.o(.text) refers to sys.o(.emb_text) for WFI_SET
    usart.o(.text) refers (Special) to use_no_semi_2.o(.text) for __use_no_semihosting
    usart.o(.text) refers to fflt_clz.o(x$fpl$ffltu) for __aeabi_ui2f
    usart.o(.text) refers to fdiv.o(x$fpl$fdiv) for __aeabi_fdiv
    usart.o(.text) refers to ffixu.o(x$fpl$ffixu) for __aeabi_f2uiz
    usart.o(.text) refers to faddsub_clz.o(x$fpl$frsb) for __aeabi_frsub
    usart.o(.text) refers to fmul.o(x$fpl$fmul) for __aeabi_fmul
    usart.o(.data) refers (Special) to use_no_semi_2.o(.text) for __use_no_semihosting
    usb_core.o(.text) refers to usb_regs.o(.text) for ClearDTOG_TX
    usb_core.o(.text) refers to usb_init.o(.data) for pInformation
    usb_core.o(.text) refers to usb_prop.o(.data) for Device_Table
    usb_core.o(.text) refers to usb_core.o(.data) for StatusInfo
    usb_core.o(.text) refers to usb_mem.o(.text) for PMAToUserBufferCopy
    usb_core.o(.text) refers to usb_int.o(.data) for SaveRState
    usb_init.o(.text) refers to usb_init.o(.bss) for Device_Info
    usb_init.o(.text) refers to usb_init.o(.data) for pInformation
    usb_init.o(.text) refers to usb_prop.o(.data) for Device_Property
    usb_int.o(.text) refers to usb_core.o(.text) for In0_Process
    usb_int.o(.text) refers to usb_istr.o(.data) for wIstr
    usb_int.o(.text) refers to usb_init.o(.data) for EPindex
    usb_int.o(.text) refers to usb_int.o(.data) for SaveRState
    hw_config.o(.text) refers to sys.o(.text) for MY_NVIC_Init
    hw_config.o(.text) refers to usb_regs.o(.text) for GetEPTxAddr
    hw_config.o(.text) refers to usb_mem.o(.text) for UserToPMABufferCopy
    hw_config.o(.text) refers to usb_pwr.o(.data) for bDeviceState
    hw_config.o(.text) refers to usb_init.o(.bss) for Device_Info
    hw_config.o(.text) refers to usb_desc.o(.data) for Joystick_StringSerial
    stm32f10x_it.o(.text) refers to usb_istr.o(.text) for USB_Istr
    usb_istr.o(.text) refers to usb_pwr.o(.text) for Resume
    usb_istr.o(.text) refers to usb_int.o(.text) for CTR_LP
    usb_istr.o(.text) refers to usb_regs.o(.text) for SetEPRxValid
    usb_istr.o(.text) refers to usb_istr.o(.data) for wIstr
    usb_istr.o(.text) refers to usb_init.o(.data) for wInterrupt_Mask
    usb_istr.o(.text) refers to usb_prop.o(.data) for Device_Property
    usb_istr.o(.text) refers to usb_pwr.o(.data) for fSuspendEnabled
    usb_istr.o(.data) refers to usb_istr.o(.text) for EP1_IN_Callback
    usb_istr.o(.data) refers to usb_core.o(.text) for NOP_Process
    usb_prop.o(.text) refers to hw_config.o(.text) for Get_SerialNum
    usb_prop.o(.text) refers to usb_pwr.o(.text) for PowerOn
    usb_prop.o(.text) refers to usb_regs.o(.text) for SetBTABLE
    usb_prop.o(.text) refers to usb_core.o(.text) for SetDeviceAddress
    usb_prop.o(.text) refers to usb_init.o(.data) for pInformation
    usb_prop.o(.text) refers to usb_pwr.o(.data) for bDeviceState
    usb_prop.o(.text) refers to usb_desc.o(.constdata) for Joystick_ConfigDescriptor
    usb_prop.o(.text) refers to usb_prop.o(.data) for Device_Property
    usb_prop.o(.data) refers to usb_prop.o(.text) for Joystick_init
    usb_prop.o(.data) refers to usb_core.o(.text) for NOP_Process
    usb_prop.o(.data) refers to usb_desc.o(.constdata) for Joystick_DeviceDescriptor
    usb_prop.o(.data) refers to usb_desc.o(.data) for Joystick_StringSerial
    usb_pwr.o(.text) refers to hw_config.o(.text) for Enter_LowPowerMode
    usb_pwr.o(.text) refers to usb_init.o(.data) for wInterrupt_Mask
    usb_pwr.o(.text) refers to usb_pwr.o(.data) for ResumeS
    use_no_semi_2.o(.text) refers (Special) to use_no_semi.o(.text) for __use_no_semihosting_swi
    __main.o(!!!main) refers to __rtentry.o(.ARM.Collect$$rtentry$$00000000) for __rt_entry
    faddsub_clz.o(x$fpl$fadd) refers (Special) to usenofp.o(x$fpl$usenofp) for __I$use$fp
    faddsub_clz.o(x$fpl$fadd) refers to faddsub_clz.o(x$fpl$fsub) for _fsub1
    faddsub_clz.o(x$fpl$fadd) refers to fretinf.o(x$fpl$fretinf) for __fpl_fretinf
    faddsub_clz.o(x$fpl$fadd) refers to fnaninf.o(x$fpl$fnaninf) for __fpl_fnaninf
    faddsub_clz.o(x$fpl$frsb) refers (Special) to usenofp.o(x$fpl$usenofp) for __I$use$fp
    faddsub_clz.o(x$fpl$frsb) refers to faddsub_clz.o(x$fpl$fadd) for _fadd1
    faddsub_clz.o(x$fpl$frsb) refers to faddsub_clz.o(x$fpl$fsub) for _fsub1
    faddsub_clz.o(x$fpl$fsub) refers (Special) to usenofp.o(x$fpl$usenofp) for __I$use$fp
    faddsub_clz.o(x$fpl$fsub) refers to faddsub_clz.o(x$fpl$fadd) for _fadd1
    faddsub_clz.o(x$fpl$fsub) refers to fnaninf.o(x$fpl$fnaninf) for __fpl_fnaninf
    fdiv.o(x$fpl$frdiv) refers (Special) to usenofp.o(x$fpl$usenofp) for __I$use$fp
    fdiv.o(x$fpl$frdiv) refers to fdiv.o(x$fpl$fdiv) for _fdiv1
    fdiv.o(x$fpl$fdiv) refers (Special) to usenofp.o(x$fpl$usenofp) for __I$use$fp
    fdiv.o(x$fpl$fdiv) refers to fretinf.o(x$fpl$fretinf) for __fpl_fretinf
    fdiv.o(x$fpl$fdiv) refers to fnaninf.o(x$fpl$fnaninf) for __fpl_fnaninf
    ffixu.o(x$fpl$ffixu) refers (Special) to usenofp.o(x$fpl$usenofp) for __I$use$fp
    ffixu.o(x$fpl$ffixu) refers to fnaninf.o(x$fpl$fnaninf) for __fpl_fnaninf
    ffixu.o(x$fpl$ffixur) refers (Special) to usenofp.o(x$fpl$usenofp) for __I$use$fp
    ffixu.o(x$fpl$ffixur) refers to fnaninf.o(x$fpl$fnaninf) for __fpl_fnaninf
    fflt_clz.o(x$fpl$ffltu) refers (Special) to usenofp.o(x$fpl$usenofp) for __I$use$fp
    fflt_clz.o(x$fpl$fflt) refers (Special) to usenofp.o(x$fpl$usenofp) for __I$use$fp
    fflt_clz.o(x$fpl$ffltn) refers (Special) to usenofp.o(x$fpl$usenofp) for __I$use$fp
    fmul.o(x$fpl$fmul) refers (Special) to usenofp.o(x$fpl$usenofp) for __I$use$fp
    fmul.o(x$fpl$fmul) refers to fretinf.o(x$fpl$fretinf) for __fpl_fretinf
    fmul.o(x$fpl$fmul) refers to fnaninf.o(x$fpl$fnaninf) for __fpl_fnaninf
    __rtentry.o(.ARM.Collect$$rtentry$$00000000) refers (Special) to __rtentry2.o(.ARM.Collect$$rtentry$$0000000A) for __rt_entry_li
    __rtentry.o(.ARM.Collect$$rtentry$$00000000) refers (Special) to __rtentry2.o(.ARM.Collect$$rtentry$$0000000D) for __rt_entry_main
    __rtentry.o(.ARM.Collect$$rtentry$$00000000) refers (Special) to __rtentry2.o(.ARM.Collect$$rtentry$$0000000C) for __rt_entry_postli_1
    __rtentry.o(.ARM.Collect$$rtentry$$00000000) refers (Special) to __rtentry2.o(.ARM.Collect$$rtentry$$00000009) for __rt_entry_postsh_1
    __rtentry.o(.ARM.Collect$$rtentry$$00000000) refers (Special) to __rtentry2.o(.ARM.Collect$$rtentry$$00000002) for __rt_entry_presh_1
    __rtentry.o(.ARM.Collect$$rtentry$$00000000) refers (Special) to __rtentry4.o(.ARM.Collect$$rtentry$$00000004) for __rt_entry_sh
    fnaninf.o(x$fpl$fnaninf) refers (Special) to usenofp.o(x$fpl$usenofp) for __I$use$fp
    fretinf.o(x$fpl$fretinf) refers (Special) to usenofp.o(x$fpl$usenofp) for __I$use$fp
    __rtentry2.o(.ARM.Collect$$rtentry$$00000008) refers to boardinit2.o(.text) for _platform_post_stackheap_init
    __rtentry2.o(.ARM.Collect$$rtentry$$0000000A) refers to libinit.o(.ARM.Collect$$libinit$$00000000) for __rt_lib_init
    __rtentry2.o(.ARM.Collect$$rtentry$$0000000B) refers to boardinit3.o(.text) for _platform_post_lib_init
    __rtentry2.o(.ARM.Collect$$rtentry$$0000000D) refers to test.o(.text) for main
    __rtentry2.o(.ARM.Collect$$rtentry$$0000000D) refers to exit.o(.text) for exit
    __rtentry2.o(.ARM.exidx) refers to __rtentry2.o(.ARM.Collect$$rtentry$$00000001) for .ARM.Collect$$rtentry$$00000001
    __rtentry2.o(.ARM.exidx) refers to __rtentry2.o(.ARM.Collect$$rtentry$$00000008) for .ARM.Collect$$rtentry$$00000008
    __rtentry2.o(.ARM.exidx) refers to __rtentry2.o(.ARM.Collect$$rtentry$$0000000A) for .ARM.Collect$$rtentry$$0000000A
    __rtentry2.o(.ARM.exidx) refers to __rtentry2.o(.ARM.Collect$$rtentry$$0000000B) for .ARM.Collect$$rtentry$$0000000B
    __rtentry2.o(.ARM.exidx) refers to __rtentry2.o(.ARM.Collect$$rtentry$$0000000D) for .ARM.Collect$$rtentry$$0000000D
    __rtentry4.o(.ARM.Collect$$rtentry$$00000004) refers to sys_stackheap_outer.o(.text) for __user_setup_stackheap
    __rtentry4.o(.ARM.exidx) refers to __rtentry4.o(.ARM.Collect$$rtentry$$00000004) for .ARM.Collect$$rtentry$$00000004
    sys_stackheap_outer.o(.text) refers to libspace.o(.text) for __user_perproc_libspace
    sys_stackheap_outer.o(.text) refers to stm32f10x.o(.text) for __user_initial_stackheap
    exit.o(.text) refers to rtexit.o(.ARM.Collect$$rtexit$$00000000) for __rt_exit
    libinit.o(.ARM.Collect$$libinit$$00000000) refers (Special) to libinit2.o(.ARM.Collect$$libinit$$0000002E) for __rt_lib_init_alloca_1
    libinit.o(.ARM.Collect$$libinit$$00000000) refers (Special) to libinit2.o(.ARM.Collect$$libinit$$0000002C) for __rt_lib_init_argv_1
    libinit.o(.ARM.Collect$$libinit$$00000000) refers (Special) to libinit2.o(.ARM.Collect$$libinit$$0000001B) for __rt_lib_init_atexit_1
    libinit.o(.ARM.Collect$$libinit$$00000000) refers (Special) to libinit2.o(.ARM.Collect$$libinit$$00000021) for __rt_lib_init_clock_1
    libinit.o(.ARM.Collect$$libinit$$00000000) refers (Special) to libinit2.o(.ARM.Collect$$libinit$$00000032) for __rt_lib_init_cpp_1
    libinit.o(.ARM.Collect$$libinit$$00000000) refers (Special) to libinit2.o(.ARM.Collect$$libinit$$00000030) for __rt_lib_init_exceptions_1
    libinit.o(.ARM.Collect$$libinit$$00000000) refers (Special) to libinit2.o(.ARM.Collect$$libinit$$00000002) for __rt_lib_init_fp_1
    libinit.o(.ARM.Collect$$libinit$$00000000) refers (Special) to libinit2.o(.ARM.Collect$$libinit$$0000001F) for __rt_lib_init_fp_trap_1
    libinit.o(.ARM.Collect$$libinit$$00000000) refers (Special) to libinit2.o(.ARM.Collect$$libinit$$00000023) for __rt_lib_init_getenv_1
    libinit.o(.ARM.Collect$$libinit$$00000000) refers (Special) to libinit2.o(.ARM.Collect$$libinit$$0000000A) for __rt_lib_init_heap_1
    libinit.o(.ARM.Collect$$libinit$$00000000) refers (Special) to libinit2.o(.ARM.Collect$$libinit$$00000011) for __rt_lib_init_lc_collate_1
    libinit.o(.ARM.Collect$$libinit$$00000000) refers (Special) to libinit2.o(.ARM.Collect$$libinit$$00000013) for __rt_lib_init_lc_ctype_1
    libinit.o(.ARM.Collect$$libinit$$00000000) refers (Special) to libinit2.o(.ARM.Collect$$libinit$$00000015) for __rt_lib_init_lc_monetary_1
    libinit.o(.ARM.Collect$$libinit$$00000000) refers (Special) to libinit2.o(.ARM.Collect$$libinit$$00000017) for __rt_lib_init_lc_numeric_1
    libinit.o(.ARM.Collect$$libinit$$00000000) refers (Special) to libinit2.o(.ARM.Collect$$libinit$$00000019) for __rt_lib_init_lc_time_1
    libinit.o(.ARM.Collect$$libinit$$00000000) refers (Special) to libinit2.o(.ARM.Collect$$libinit$$00000004) for __rt_lib_init_preinit_1
    libinit.o(.ARM.Collect$$libinit$$00000000) refers (Special) to libinit2.o(.ARM.Collect$$libinit$$0000000E) for __rt_lib_init_rand_1
    libinit.o(.ARM.Collect$$libinit$$00000000) refers (Special) to libinit2.o(.ARM.Collect$$libinit$$00000033) for __rt_lib_init_return
    libinit.o(.ARM.Collect$$libinit$$00000000) refers (Special) to libinit2.o(.ARM.Collect$$libinit$$0000001D) for __rt_lib_init_signal_1
    libinit.o(.ARM.Collect$$libinit$$00000000) refers (Special) to libinit2.o(.ARM.Collect$$libinit$$00000025) for __rt_lib_init_stdio_1
    libinit.o(.ARM.Collect$$libinit$$00000000) refers (Special) to libinit2.o(.ARM.Collect$$libinit$$0000000C) for __rt_lib_init_user_alloc_1
    libspace.o(.text) refers to libspace.o(.bss) for __libspace_start
    rtexit.o(.ARM.Collect$$rtexit$$00000000) refers (Special) to rtexit2.o(.ARM.Collect$$rtexit$$00000004) for __rt_exit_exit
    rtexit.o(.ARM.Collect$$rtexit$$00000000) refers (Special) to rtexit2.o(.ARM.Collect$$rtexit$$00000003) for __rt_exit_ls
    rtexit.o(.ARM.Collect$$rtexit$$00000000) refers (Special) to rtexit2.o(.ARM.Collect$$rtexit$$00000002) for __rt_exit_prels_1
    rtexit.o(.ARM.exidx) refers (Special) to rtexit2.o(.ARM.Collect$$rtexit$$00000004) for __rt_exit_exit
    rtexit.o(.ARM.exidx) refers (Special) to rtexit2.o(.ARM.Collect$$rtexit$$00000003) for __rt_exit_ls
    rtexit.o(.ARM.exidx) refers (Special) to rtexit2.o(.ARM.Collect$$rtexit$$00000002) for __rt_exit_prels_1
    rtexit.o(.ARM.exidx) refers to rtexit.o(.ARM.Collect$$rtexit$$00000000) for .ARM.Collect$$rtexit$$00000000
    libinit2.o(.ARM.Collect$$libinit$$00000010) refers to libinit2.o(.ARM.Collect$$libinit$$0000000F) for .ARM.Collect$$libinit$$0000000F
    libinit2.o(.ARM.Collect$$libinit$$00000012) refers to libinit2.o(.ARM.Collect$$libinit$$0000000F) for .ARM.Collect$$libinit$$0000000F
    libinit2.o(.ARM.Collect$$libinit$$00000014) refers to libinit2.o(.ARM.Collect$$libinit$$0000000F) for .ARM.Collect$$libinit$$0000000F
    libinit2.o(.ARM.Collect$$libinit$$00000016) refers to libinit2.o(.ARM.Collect$$libinit$$0000000F) for .ARM.Collect$$libinit$$0000000F
    libinit2.o(.ARM.Collect$$libinit$$00000018) refers to libinit2.o(.ARM.Collect$$libinit$$0000000F) for .ARM.Collect$$libinit$$0000000F
    libinit2.o(.ARM.Collect$$libinit$$00000026) refers to argv_veneer.o(.emb_text) for __ARM_argv_veneer
    libinit2.o(.ARM.Collect$$libinit$$00000027) refers to argv_veneer.o(.emb_text) for __ARM_argv_veneer
    rtexit2.o(.ARM.Collect$$rtexit$$00000003) refers to libshutdown.o(.ARM.Collect$$libshutdown$$00000000) for __rt_lib_shutdown
    rtexit2.o(.ARM.Collect$$rtexit$$00000004) refers to usart.o(.text) for _sys_exit
    rtexit2.o(.ARM.exidx) refers to rtexit2.o(.ARM.Collect$$rtexit$$00000001) for .ARM.Collect$$rtexit$$00000001
    rtexit2.o(.ARM.exidx) refers to rtexit2.o(.ARM.Collect$$rtexit$$00000003) for .ARM.Collect$$rtexit$$00000003
    rtexit2.o(.ARM.exidx) refers to rtexit2.o(.ARM.Collect$$rtexit$$00000004) for .ARM.Collect$$rtexit$$00000004
    argv_veneer.o(.emb_text) refers to no_argv.o(.text) for __ARM_get_argv
    _get_argv_nomalloc.o(.text) refers (Special) to hrguard.o(.text) for __heap_region$guard
    _get_argv_nomalloc.o(.text) refers to defsig_rtmem_outer.o(.text) for __rt_SIGRTMEM
    _get_argv_nomalloc.o(.text) refers to sys_command.o(.text) for _sys_command_string
    libshutdown.o(.ARM.Collect$$libshutdown$$00000000) refers (Special) to libshutdown2.o(.ARM.Collect$$libshutdown$$00000002) for __rt_lib_shutdown_cpp_1
    libshutdown.o(.ARM.Collect$$libshutdown$$00000000) refers (Special) to libshutdown2.o(.ARM.Collect$$libshutdown$$00000007) for __rt_lib_shutdown_fp_trap_1
    libshutdown.o(.ARM.Collect$$libshutdown$$00000000) refers (Special) to libshutdown2.o(.ARM.Collect$$libshutdown$$0000000F) for __rt_lib_shutdown_heap_1
    libshutdown.o(.ARM.Collect$$libshutdown$$00000000) refers (Special) to libshutdown2.o(.ARM.Collect$$libshutdown$$00000010) for __rt_lib_shutdown_return
    libshutdown.o(.ARM.Collect$$libshutdown$$00000000) refers (Special) to libshutdown2.o(.ARM.Collect$$libshutdown$$0000000A) for __rt_lib_shutdown_signal_1
    libshutdown.o(.ARM.Collect$$libshutdown$$00000000) refers (Special) to libshutdown2.o(.ARM.Collect$$libshutdown$$00000004) for __rt_lib_shutdown_stdio_1
    libshutdown.o(.ARM.Collect$$libshutdown$$00000000) refers (Special) to libshutdown2.o(.ARM.Collect$$libshutdown$$0000000C) for __rt_lib_shutdown_user_alloc_1
    sys_command.o(.text) refers (Special) to use_no_semi.o(.text) for __I$use$semihosting
    sys_command.o(.text) refers (Special) to indicate_semi.o(.text) for __semihosting_library_function
    defsig_rtmem_outer.o(.text) refers to defsig_rtmem_inner.o(.text) for __rt_SIGRTMEM_inner
    defsig_rtmem_outer.o(.text) refers to defsig_exit.o(.text) for __sig_exit
    defsig_rtmem_formal.o(.text) refers to rt_raise.o(.text) for __rt_raise
    rt_raise.o(.text) refers to __raise.o(.text) for __raise
    rt_raise.o(.text) refers to usart.o(.text) for _sys_exit
    defsig_exit.o(.text) refers to usart.o(.text) for _sys_exit
    defsig_rtmem_inner.o(.text) refers to defsig_general.o(.text) for __default_signal_display
    __raise.o(.text) refers to defsig.o(CL$$defsig) for __default_signal_handler
    defsig_general.o(.text) refers to sys_wrch.o(.text) for _ttywrch
    sys_wrch.o(.text) refers (Special) to use_no_semi.o(.text) for __I$use$semihosting
    sys_wrch.o(.text) refers (Special) to indicate_semi.o(.text) for __semihosting_library_function
    defsig.o(CL$$defsig) refers to defsig_rtmem_inner.o(.text) for __rt_SIGRTMEM_inner
    defsig_abrt_inner.o(.text) refers to defsig_general.o(.text) for __default_signal_display
    defsig_fpe_inner.o(.text) refers to defsig_general.o(.text) for __default_signal_display
    defsig_rtred_inner.o(.text) refers to defsig_general.o(.text) for __default_signal_display
    defsig_stak_inner.o(.text) refers to defsig_general.o(.text) for __default_signal_display
    defsig_pvfn_inner.o(.text) refers to defsig_general.o(.text) for __default_signal_display
    defsig_cppl_inner.o(.text) refers to defsig_general.o(.text) for __default_signal_display
    defsig_segv_inner.o(.text) refers to defsig_general.o(.text) for __default_signal_display
    defsig_other.o(.text) refers to defsig_general.o(.text) for __default_signal_display


==============================================================================

Removing Unused input sections from the image.

    Removing usart.o(.data), (4 bytes).

1 unused section(s) (total 4 bytes) removed from the image.

==============================================================================

Image Symbol Table

    Local Symbols

    Symbol Name                              Value     Ov Type        Size  Object(Section)

    ../clib/angel/boardlib.s                 0x00000000   Number         0  boardinit2.o ABSOLUTE
    ../clib/angel/boardlib.s                 0x00000000   Number         0  boardinit3.o ABSOLUTE
    ../clib/angel/boardlib.s                 0x00000000   Number         0  boardshut.o ABSOLUTE
    ../clib/angel/boardlib.s                 0x00000000   Number         0  boardinit1.o ABSOLUTE
    ../clib/angel/dczerorl2.s                0x00000000   Number         0  __dczerorl2.o ABSOLUTE
    ../clib/angel/handlers.s                 0x00000000   Number         0  __scatter_zi.o ABSOLUTE
    ../clib/angel/kernel.s                   0x00000000   Number         0  __rtentry4.o ABSOLUTE
    ../clib/angel/kernel.s                   0x00000000   Number         0  __rtentry2.o ABSOLUTE
    ../clib/angel/kernel.s                   0x00000000   Number         0  rtexit.o ABSOLUTE
    ../clib/angel/kernel.s                   0x00000000   Number         0  rtexit2.o ABSOLUTE
    ../clib/angel/kernel.s                   0x00000000   Number         0  __rtentry.o ABSOLUTE
    ../clib/angel/rt.s                       0x00000000   Number         0  rt_raise.o ABSOLUTE
    ../clib/angel/scatter.s                  0x00000000   Number         0  __scatter.o ABSOLUTE
    ../clib/angel/startup.s                  0x00000000   Number         0  __main.o ABSOLUTE
    ../clib/angel/sys.s                      0x00000000   Number         0  use_no_semi.o ABSOLUTE
    ../clib/angel/sys.s                      0x00000000   Number         0  indicate_semi.o ABSOLUTE
    ../clib/angel/sys.s                      0x00000000   Number         0  sys_stackheap_outer.o ABSOLUTE
    ../clib/angel/sys.s                      0x00000000   Number         0  use_no_semi_2.o ABSOLUTE
    ../clib/angel/sys.s                      0x00000000   Number         0  libspace.o ABSOLUTE
    ../clib/angel/sysapp.c                   0x00000000   Number         0  sys_command.o ABSOLUTE
    ../clib/angel/sysapp.c                   0x00000000   Number         0  sys_wrch.o ABSOLUTE
    ../clib/armsys.c                         0x00000000   Number         0  argv_veneer.o ABSOLUTE
    ../clib/armsys.c                         0x00000000   Number         0  _get_argv_nomalloc.o ABSOLUTE
    ../clib/armsys.c                         0x00000000   Number         0  no_argv.o ABSOLUTE
    ../clib/armsys.c                         0x00000000   Number         0  argv_veneer.o ABSOLUTE
    ../clib/heapalloc.c                      0x00000000   Number         0  hrguard.o ABSOLUTE
    ../clib/heapaux.c                        0x00000000   Number         0  heapauxi.o ABSOLUTE
    ../clib/libinit.s                        0x00000000   Number         0  libinit.o ABSOLUTE
    ../clib/libinit.s                        0x00000000   Number         0  libshutdown2.o ABSOLUTE
    ../clib/libinit.s                        0x00000000   Number         0  libinit2.o ABSOLUTE
    ../clib/libinit.s                        0x00000000   Number         0  libshutdown.o ABSOLUTE
    ../clib/signal.c                         0x00000000   Number         0  defsig_rtmem_formal.o ABSOLUTE
    ../clib/signal.c                         0x00000000   Number         0  defsig_rtmem_outer.o ABSOLUTE
    ../clib/signal.c                         0x00000000   Number         0  defsig_pvfn_inner.o ABSOLUTE
    ../clib/signal.c                         0x00000000   Number         0  defsig_stak_inner.o ABSOLUTE
    ../clib/signal.c                         0x00000000   Number         0  defsig_rtred_inner.o ABSOLUTE
    ../clib/signal.c                         0x00000000   Number         0  defsig_fpe_inner.o ABSOLUTE
    ../clib/signal.c                         0x00000000   Number         0  defsig_abrt_inner.o ABSOLUTE
    ../clib/signal.c                         0x00000000   Number         0  defsig_general.o ABSOLUTE
    ../clib/signal.c                         0x00000000   Number         0  defsig_rtmem_inner.o ABSOLUTE
    ../clib/signal.c                         0x00000000   Number         0  defsig_exit.o ABSOLUTE
    ../clib/signal.c                         0x00000000   Number         0  defsig_other.o ABSOLUTE
    ../clib/signal.c                         0x00000000   Number         0  defsig_segv_inner.o ABSOLUTE
    ../clib/signal.c                         0x00000000   Number         0  defsig_cppl_inner.o ABSOLUTE
    ../clib/signal.c                         0x00000000   Number         0  __raise.o ABSOLUTE
    ../clib/signal.s                         0x00000000   Number         0  defsig.o ABSOLUTE
    ../clib/stdlib.c                         0x00000000   Number         0  exit.o ABSOLUTE
    ../fplib/faddsub.s                       0x00000000   Number         0  faddsub_clz.o ABSOLUTE
    ../fplib/fdiv.s                          0x00000000   Number         0  fdiv.o ABSOLUTE
    ../fplib/ffixu.s                         0x00000000   Number         0  ffixu.o ABSOLUTE
    ../fplib/fflt.s                          0x00000000   Number         0  fflt_clz.o ABSOLUTE
    ../fplib/fmul.s                          0x00000000   Number         0  fmul.o ABSOLUTE
    ../fplib/fnaninf.s                       0x00000000   Number         0  fnaninf.o ABSOLUTE
    ../fplib/fpinit.s                        0x00000000   Number         0  fpinit.o ABSOLUTE
    ../fplib/fretinf.s                       0x00000000   Number         0  fretinf.o ABSOLUTE
    ../fplib/usenofp.s                       0x00000000   Number         0  usenofp.o ABSOLUTE
    ..\SYSTEM\delay\delay.c                  0x00000000   Number         0  delay.o ABSOLUTE
    ..\SYSTEM\sys\sys.c                      0x00000000   Number         0  sys.o ABSOLUTE
    ..\SYSTEM\usart\usart.c                  0x00000000   Number         0  usart.o ABSOLUTE
    ..\USB\CONFIG\hw_config.c                0x00000000   Number         0  hw_config.o ABSOLUTE
    ..\USB\CONFIG\stm32f10x_it.c             0x00000000   Number         0  stm32f10x_it.o ABSOLUTE
    ..\USB\CONFIG\usb_desc.c                 0x00000000   Number         0  usb_desc.o ABSOLUTE
    ..\USB\CONFIG\usb_istr.c                 0x00000000   Number         0  usb_istr.o ABSOLUTE
    ..\USB\CONFIG\usb_prop.c                 0x00000000   Number         0  usb_prop.o ABSOLUTE
    ..\USB\CONFIG\usb_pwr.c                  0x00000000   Number         0  usb_pwr.o ABSOLUTE
    ..\USB\LIB\usb_core.c                    0x00000000   Number         0  usb_core.o ABSOLUTE
    ..\USB\LIB\usb_init.c                    0x00000000   Number         0  usb_init.o ABSOLUTE
    ..\USB\LIB\usb_int.c                     0x00000000   Number         0  usb_int.o ABSOLUTE
    ..\USB\LIB\usb_mem.c                     0x00000000   Number         0  usb_mem.o ABSOLUTE
    ..\USB\LIB\usb_regs.c                    0x00000000   Number         0  usb_regs.o ABSOLUTE
    ..\\SYSTEM\\sys\\sys.c                   0x00000000   Number         0  sys.o ABSOLUTE
    STM32F10x.s                              0x00000000   Number         0  stm32f10x.o ABSOLUTE
    dc.s                                     0x00000000   Number         0  dc.o ABSOLUTE
    test.c                                   0x00000000   Number         0  test.o ABSOLUTE
    RESET                                    0x08000000   Section      236  stm32f10x.o(RESET)
    !!!main                                  0x080000ec   Section        8  __main.o(!!!main)
    !!!scatter                               0x080000f4   Section       52  __scatter.o(!!!scatter)
    !!dczerorl2                              0x08000128   Section       90  __dczerorl2.o(!!dczerorl2)
    !!handler_zi                             0x08000184   Section       28  __scatter_zi.o(!!handler_zi)
    .ARM.Collect$$libinit$$00000000          0x080001a0   Section        2  libinit.o(.ARM.Collect$$libinit$$00000000)
    .ARM.Collect$$libinit$$00000002          0x080001a2   Section        0  libinit2.o(.ARM.Collect$$libinit$$00000002)
    .ARM.Collect$$libinit$$00000004          0x080001a2   Section        0  libinit2.o(.ARM.Collect$$libinit$$00000004)
    .ARM.Collect$$libinit$$0000000A          0x080001a2   Section        0  libinit2.o(.ARM.Collect$$libinit$$0000000A)
    .ARM.Collect$$libinit$$0000000C          0x080001a2   Section        0  libinit2.o(.ARM.Collect$$libinit$$0000000C)
    .ARM.Collect$$libinit$$0000000E          0x080001a2   Section        0  libinit2.o(.ARM.Collect$$libinit$$0000000E)
    .ARM.Collect$$libinit$$00000011          0x080001a2   Section        0  libinit2.o(.ARM.Collect$$libinit$$00000011)
    .ARM.Collect$$libinit$$00000013          0x080001a2   Section        0  libinit2.o(.ARM.Collect$$libinit$$00000013)
    .ARM.Collect$$libinit$$00000015          0x080001a2   Section        0  libinit2.o(.ARM.Collect$$libinit$$00000015)
    .ARM.Collect$$libinit$$00000017          0x080001a2   Section        0  libinit2.o(.ARM.Collect$$libinit$$00000017)
    .ARM.Collect$$libinit$$00000019          0x080001a2   Section        0  libinit2.o(.ARM.Collect$$libinit$$00000019)
    .ARM.Collect$$libinit$$0000001B          0x080001a2   Section        0  libinit2.o(.ARM.Collect$$libinit$$0000001B)
    .ARM.Collect$$libinit$$0000001D          0x080001a2   Section        0  libinit2.o(.ARM.Collect$$libinit$$0000001D)
    .ARM.Collect$$libinit$$0000001F          0x080001a2   Section        0  libinit2.o(.ARM.Collect$$libinit$$0000001F)
    .ARM.Collect$$libinit$$00000021          0x080001a2   Section        0  libinit2.o(.ARM.Collect$$libinit$$00000021)
    .ARM.Collect$$libinit$$00000023          0x080001a2   Section        0  libinit2.o(.ARM.Collect$$libinit$$00000023)
    .ARM.Collect$$libinit$$00000025          0x080001a2   Section        0  libinit2.o(.ARM.Collect$$libinit$$00000025)
    .ARM.Collect$$libinit$$0000002C          0x080001a2   Section        0  libinit2.o(.ARM.Collect$$libinit$$0000002C)
    .ARM.Collect$$libinit$$0000002E          0x080001a2   Section        0  libinit2.o(.ARM.Collect$$libinit$$0000002E)
    .ARM.Collect$$libinit$$00000030          0x080001a2   Section        0  libinit2.o(.ARM.Collect$$libinit$$00000030)
    .ARM.Collect$$libinit$$00000032          0x080001a2   Section        0  libinit2.o(.ARM.Collect$$libinit$$00000032)
    .ARM.Collect$$libinit$$00000033          0x080001a2   Section        2  libinit2.o(.ARM.Collect$$libinit$$00000033)
    .ARM.Collect$$libshutdown$$00000000      0x080001a4   Section        2  libshutdown.o(.ARM.Collect$$libshutdown$$00000000)
    .ARM.Collect$$libshutdown$$00000002      0x080001a6   Section        0  libshutdown2.o(.ARM.Collect$$libshutdown$$00000002)
    .ARM.Collect$$libshutdown$$00000004      0x080001a6   Section        0  libshutdown2.o(.ARM.Collect$$libshutdown$$00000004)
    .ARM.Collect$$libshutdown$$00000007      0x080001a6   Section        0  libshutdown2.o(.ARM.Collect$$libshutdown$$00000007)
    .ARM.Collect$$libshutdown$$0000000A      0x080001a6   Section        0  libshutdown2.o(.ARM.Collect$$libshutdown$$0000000A)
    .ARM.Collect$$libshutdown$$0000000C      0x080001a6   Section        0  libshutdown2.o(.ARM.Collect$$libshutdown$$0000000C)
    .ARM.Collect$$libshutdown$$0000000F      0x080001a6   Section        0  libshutdown2.o(.ARM.Collect$$libshutdown$$0000000F)
    .ARM.Collect$$libshutdown$$00000010      0x080001a6   Section        2  libshutdown2.o(.ARM.Collect$$libshutdown$$00000010)
    .ARM.Collect$$rtentry$$00000000          0x080001a8   Section        0  __rtentry.o(.ARM.Collect$$rtentry$$00000000)
    .ARM.Collect$$rtentry$$00000002          0x080001a8   Section        0  __rtentry2.o(.ARM.Collect$$rtentry$$00000002)
    .ARM.Collect$$rtentry$$00000004          0x080001a8   Section        6  __rtentry4.o(.ARM.Collect$$rtentry$$00000004)
    .ARM.Collect$$rtentry$$00000009          0x080001ae   Section        0  __rtentry2.o(.ARM.Collect$$rtentry$$00000009)
    .ARM.Collect$$rtentry$$0000000A          0x080001ae   Section        4  __rtentry2.o(.ARM.Collect$$rtentry$$0000000A)
    .ARM.Collect$$rtentry$$0000000C          0x080001b2   Section        0  __rtentry2.o(.ARM.Collect$$rtentry$$0000000C)
    .ARM.Collect$$rtentry$$0000000D          0x080001b2   Section        8  __rtentry2.o(.ARM.Collect$$rtentry$$0000000D)
    .ARM.Collect$$rtexit$$00000000           0x080001ba   Section        2  rtexit.o(.ARM.Collect$$rtexit$$00000000)
    .ARM.Collect$$rtexit$$00000002           0x080001bc   Section        0  rtexit2.o(.ARM.Collect$$rtexit$$00000002)
    .ARM.Collect$$rtexit$$00000003           0x080001bc   Section        4  rtexit2.o(.ARM.Collect$$rtexit$$00000003)
    .ARM.Collect$$rtexit$$00000004           0x080001c0   Section        6  rtexit2.o(.ARM.Collect$$rtexit$$00000004)
    .emb_text                                0x080001c8   Section        2  sys.o(.emb_text)
    .text                                    0x080001cc   Section       52  stm32f10x.o(.text)
    .text                                    0x08000200   Section        0  test.o(.text)
    .text                                    0x0800023c   Section        0  delay.o(.text)
    .text                                    0x080002ec   Section        0  sys.o(.text)
    .text                                    0x080005c8   Section        0  usart.o(.text)
    .text                                    0x080006ac   Section        0  usb_core.o(.text)
    DataStageOut                             0x08000abf   Thumb Code   166  usb_core.o(.text)
    DataStageIn                              0x08000b65   Thumb Code   166  usb_core.o(.text)
    NoData_Setup0                            0x08000c0b   Thumb Code   302  usb_core.o(.text)
    Data_Setup0                              0x08000d39   Thumb Code   676  usb_core.o(.text)
    .text                                    0x080011cc   Section        0  usb_init.o(.text)
    .text                                    0x08001208   Section        0  usb_int.o(.text)
    .text                                    0x080015dc   Section        0  usb_mem.o(.text)
    .text                                    0x08001638   Section        0  usb_regs.o(.text)
    .text                                    0x08001df0   Section        0  hw_config.o(.text)
    .text                                    0x08001f04   Section        0  stm32f10x_it.o(.text)
    .text                                    0x08001fa4   Section        0  usb_istr.o(.text)
    .text                                    0x080020bc   Section        0  usb_prop.o(.text)
    .text                                    0x08002358   Section        0  usb_pwr.o(.text)
    .text                                    0x08002490   Section        2  use_no_semi_2.o(.text)
    .text                                    0x08002492   Section        0  heapauxi.o(.text)
    .text                                    0x08002498   Section        2  use_no_semi.o(.text)
    .text                                    0x0800249a   Section       74  sys_stackheap_outer.o(.text)
    .text                                    0x080024e4   Section        0  exit.o(.text)
    .text                                    0x080024f8   Section        8  libspace.o(.text)
    x$fpl$fadd                               0x08002500   Section      196  faddsub_clz.o(x$fpl$fadd)
    _fadd1                                   0x0800250f   Thumb Code     0  faddsub_clz.o(x$fpl$fadd)
    x$fpl$fdiv                               0x080025c4   Section      388  fdiv.o(x$fpl$fdiv)
    _fdiv1                                   0x080025c5   Thumb Code     0  fdiv.o(x$fpl$fdiv)
    x$fpl$ffixu                              0x08002748   Section       62  ffixu.o(x$fpl$ffixu)
    x$fpl$ffltu                              0x08002788   Section       38  fflt_clz.o(x$fpl$ffltu)
    x$fpl$fmul                               0x080027b0   Section      258  fmul.o(x$fpl$fmul)
    x$fpl$fnaninf                            0x080028b2   Section      140  fnaninf.o(x$fpl$fnaninf)
    x$fpl$fretinf                            0x0800293e   Section       10  fretinf.o(x$fpl$fretinf)
    x$fpl$frsb                               0x08002948   Section       20  faddsub_clz.o(x$fpl$frsb)
    x$fpl$fsub                               0x0800295c   Section      234  faddsub_clz.o(x$fpl$fsub)
    _fsub1                                   0x0800296b   Thumb Code     0  faddsub_clz.o(x$fpl$fsub)
    .constdata                               0x08002a46   Section      273  usb_desc.o(.constdata)
    x$fpl$usenofp                            0x08002a46   Section        0  usenofp.o(x$fpl$usenofp)
    .data                                    0x20000000   Section        4  delay.o(.data)
    fac_us                                   0x20000000   Data           1  delay.o(.data)
    fac_ms                                   0x20000002   Data           2  delay.o(.data)
    .data                                    0x20000004   Section        3  usb_core.o(.data)
    .data                                    0x20000008   Section       20  usb_init.o(.data)
    .data                                    0x2000001c   Section        4  usb_int.o(.data)
    .data                                    0x20000020   Section       26  usb_desc.o(.data)
    .data                                    0x2000003c   Section       62  usb_istr.o(.data)
    .data                                    0x2000007c   Section      173  usb_prop.o(.data)
    .data                                    0x2000012c   Section        7  usb_pwr.o(.data)
    .bss                                     0x20000134   Section       28  usb_init.o(.bss)
    .bss                                     0x20000150   Section       96  libspace.o(.bss)
    HEAP                                     0x200001b0   Section        0  stm32f10x.o(HEAP)
    STACK                                    0x200001b0   Section      512  stm32f10x.o(STACK)
    Heap_Mem                                 0x200001b0   Data           0  stm32f10x.o(HEAP)
    Stack_Mem                                0x200001b0   Data         512  stm32f10x.o(STACK)
    __initial_sp                             0x200003b0   Data           0  stm32f10x.o(STACK)

    Global Symbols

    Symbol Name                              Value     Ov Type        Size  Object(Section)

    BuildAttributes$$THM_ISAv4$P$D$K$B$S$PE$A:L22UL41UL21$X:L11$S22US41US21$IEEE1$IW$USESV6$~STKCKD$USESV7$~SHL$OSPACE$ROPI$EBA8$UX$STANDARDLIB$REQ8$PRES8$EABIv2 0x00000000   Number         0  anon$$obj.o ABSOLUTE
    __ARM_use_no_argv                        0x00000000   Number         0  test.o ABSOLUTE
    __ARM_exceptions_init                     - Undefined Weak Reference
    __alloca_initialize                       - Undefined Weak Reference
    __arm_preinit_                            - Undefined Weak Reference
    __cpp_initialize__aeabi_                  - Undefined Weak Reference
    __cxa_finalize                            - Undefined Weak Reference
    __rt_locale                               - Undefined Weak Reference
    __sigvec_lookup                           - Undefined Weak Reference
    _atexit_init                              - Undefined Weak Reference
    _call_atexit_fns                          - Undefined Weak Reference
    _clock_init                               - Undefined Weak Reference
    _fp_trap_init                             - Undefined Weak Reference
    _fp_trap_shutdown                         - Undefined Weak Reference
    _get_lc_collate                           - Undefined Weak Reference
    _get_lc_ctype                             - Undefined Weak Reference
    _get_lc_monetary                          - Undefined Weak Reference
    _get_lc_numeric                           - Undefined Weak Reference
    _get_lc_time                              - Undefined Weak Reference
    _getenv_init                              - Undefined Weak Reference
    _handle_redirection                       - Undefined Weak Reference
    _init_alloc                               - Undefined Weak Reference
    _init_user_alloc                          - Undefined Weak Reference
    _initio                                   - Undefined Weak Reference
    _rand_init                                - Undefined Weak Reference
    _signal_finish                            - Undefined Weak Reference
    _signal_init                              - Undefined Weak Reference
    _terminate_alloc                          - Undefined Weak Reference
    _terminate_user_alloc                     - Undefined Weak Reference
    _terminateio                              - Undefined Weak Reference
    __Vectors                                0x08000000   Data           4  stm32f10x.o(RESET)
    __main                                   0x080000ed   Thumb Code     8  __main.o(!!!main)
    __scatterload                            0x080000f5   Thumb Code     0  __scatter.o(!!!scatter)
    __scatterload_rt2                        0x080000f5   Thumb Code    44  __scatter.o(!!!scatter)
    __scatterload_rt2_thumb_only             0x080000f5   Thumb Code     0  __scatter.o(!!!scatter)
    __scatterload_null                       0x08000103   Thumb Code     0  __scatter.o(!!!scatter)
    __decompress                             0x08000129   Thumb Code    90  __dczerorl2.o(!!dczerorl2)
    __decompress1                            0x08000129   Thumb Code     0  __dczerorl2.o(!!dczerorl2)
    __scatterload_zeroinit                   0x08000185   Thumb Code    28  __scatter_zi.o(!!handler_zi)
    __rt_lib_init                            0x080001a1   Thumb Code     0  libinit.o(.ARM.Collect$$libinit$$00000000)
    __rt_lib_init_alloca_1                   0x080001a3   Thumb Code     0  libinit2.o(.ARM.Collect$$libinit$$0000002E)
    __rt_lib_init_argv_1                     0x080001a3   Thumb Code     0  libinit2.o(.ARM.Collect$$libinit$$0000002C)
    __rt_lib_init_atexit_1                   0x080001a3   Thumb Code     0  libinit2.o(.ARM.Collect$$libinit$$0000001B)
    __rt_lib_init_clock_1                    0x080001a3   Thumb Code     0  libinit2.o(.ARM.Collect$$libinit$$00000021)
    __rt_lib_init_cpp_1                      0x080001a3   Thumb Code     0  libinit2.o(.ARM.Collect$$libinit$$00000032)
    __rt_lib_init_exceptions_1               0x080001a3   Thumb Code     0  libinit2.o(.ARM.Collect$$libinit$$00000030)
    __rt_lib_init_fp_1                       0x080001a3   Thumb Code     0  libinit2.o(.ARM.Collect$$libinit$$00000002)
    __rt_lib_init_fp_trap_1                  0x080001a3   Thumb Code     0  libinit2.o(.ARM.Collect$$libinit$$0000001F)
    __rt_lib_init_getenv_1                   0x080001a3   Thumb Code     0  libinit2.o(.ARM.Collect$$libinit$$00000023)
    __rt_lib_init_heap_1                     0x080001a3   Thumb Code     0  libinit2.o(.ARM.Collect$$libinit$$0000000A)
    __rt_lib_init_lc_collate_1               0x080001a3   Thumb Code     0  libinit2.o(.ARM.Collect$$libinit$$00000011)
    __rt_lib_init_lc_ctype_1                 0x080001a3   Thumb Code     0  libinit2.o(.ARM.Collect$$libinit$$00000013)
    __rt_lib_init_lc_monetary_1              0x080001a3   Thumb Code     0  libinit2.o(.ARM.Collect$$libinit$$00000015)
    __rt_lib_init_lc_numeric_1               0x080001a3   Thumb Code     0  libinit2.o(.ARM.Collect$$libinit$$00000017)
    __rt_lib_init_lc_time_1                  0x080001a3   Thumb Code     0  libinit2.o(.ARM.Collect$$libinit$$00000019)
    __rt_lib_init_preinit_1                  0x080001a3   Thumb Code     0  libinit2.o(.ARM.Collect$$libinit$$00000004)
    __rt_lib_init_rand_1                     0x080001a3   Thumb Code     0  libinit2.o(.ARM.Collect$$libinit$$0000000E)
    __rt_lib_init_return                     0x080001a3   Thumb Code     0  libinit2.o(.ARM.Collect$$libinit$$00000033)
    __rt_lib_init_signal_1                   0x080001a3   Thumb Code     0  libinit2.o(.ARM.Collect$$libinit$$0000001D)
    __rt_lib_init_stdio_1                    0x080001a3   Thumb Code     0  libinit2.o(.ARM.Collect$$libinit$$00000025)
    __rt_lib_init_user_alloc_1               0x080001a3   Thumb Code     0  libinit2.o(.ARM.Collect$$libinit$$0000000C)
    __rt_lib_shutdown                        0x080001a5   Thumb Code     0  libshutdown.o(.ARM.Collect$$libshutdown$$00000000)
    __rt_lib_shutdown_cpp_1                  0x080001a7   Thumb Code     0  libshutdown2.o(.ARM.Collect$$libshutdown$$00000002)
    __rt_lib_shutdown_fp_trap_1              0x080001a7   Thumb Code     0  libshutdown2.o(.ARM.Collect$$libshutdown$$00000007)
    __rt_lib_shutdown_heap_1                 0x080001a7   Thumb Code     0  libshutdown2.o(.ARM.Collect$$libshutdown$$0000000F)
    __rt_lib_shutdown_return                 0x080001a7   Thumb Code     0  libshutdown2.o(.ARM.Collect$$libshutdown$$00000010)
    __rt_lib_shutdown_signal_1               0x080001a7   Thumb Code     0  libshutdown2.o(.ARM.Collect$$libshutdown$$0000000A)
    __rt_lib_shutdown_stdio_1                0x080001a7   Thumb Code     0  libshutdown2.o(.ARM.Collect$$libshutdown$$00000004)
    __rt_lib_shutdown_user_alloc_1           0x080001a7   Thumb Code     0  libshutdown2.o(.ARM.Collect$$libshutdown$$0000000C)
    __rt_entry                               0x080001a9   Thumb Code     0  __rtentry.o(.ARM.Collect$$rtentry$$00000000)
    __rt_entry_presh_1                       0x080001a9   Thumb Code     0  __rtentry2.o(.ARM.Collect$$rtentry$$00000002)
    __rt_entry_sh                            0x080001a9   Thumb Code     0  __rtentry4.o(.ARM.Collect$$rtentry$$00000004)
    __rt_entry_li                            0x080001af   Thumb Code     0  __rtentry2.o(.ARM.Collect$$rtentry$$0000000A)
    __rt_entry_postsh_1                      0x080001af   Thumb Code     0  __rtentry2.o(.ARM.Collect$$rtentry$$00000009)
    __rt_entry_main                          0x080001b3   Thumb Code     0  __rtentry2.o(.ARM.Collect$$rtentry$$0000000D)
    __rt_entry_postli_1                      0x080001b3   Thumb Code     0  __rtentry2.o(.ARM.Collect$$rtentry$$0000000C)
    __rt_exit                                0x080001bb   Thumb Code     0  rtexit.o(.ARM.Collect$$rtexit$$00000000)
    __rt_exit_ls                             0x080001bd   Thumb Code     0  rtexit2.o(.ARM.Collect$$rtexit$$00000003)
    __rt_exit_prels_1                        0x080001bd   Thumb Code     0  rtexit2.o(.ARM.Collect$$rtexit$$00000002)
    __rt_exit_exit                           0x080001c1   Thumb Code     0  rtexit2.o(.ARM.Collect$$rtexit$$00000004)
    WFI_SET                                  0x080001c9   Thumb Code     2  sys.o(.emb_text)
    Reset_Handler                            0x080001cd   Thumb Code     4  stm32f10x.o(.text)
    NMI_Handler                              0x080001d1   Thumb Code     2  stm32f10x.o(.text)
    HardFault_Handler                        0x080001d3   Thumb Code     2  stm32f10x.o(.text)
    MemManage_Handler                        0x080001d5   Thumb Code     2  stm32f10x.o(.text)
    BusFault_Handler                         0x080001d7   Thumb Code     2  stm32f10x.o(.text)
    UsageFault_Handler                       0x080001d9   Thumb Code     2  stm32f10x.o(.text)
    SVC_Handler                              0x080001db   Thumb Code     2  stm32f10x.o(.text)
    DebugMon_Handler                         0x080001dd   Thumb Code     2  stm32f10x.o(.text)
    PendSV_Handler                           0x080001df   Thumb Code     2  stm32f10x.o(.text)
    SysTick_Handler                          0x080001e1   Thumb Code     2  stm32f10x.o(.text)
    ADC_IRQHandler                           0x080001e3   Thumb Code     0  stm32f10x.o(.text)
    DMAChannel1_IRQHandler                   0x080001e3   Thumb Code     0  stm32f10x.o(.text)
    DMAChannel2_IRQHandler                   0x080001e3   Thumb Code     0  stm32f10x.o(.text)
    DMAChannel3_IRQHandler                   0x080001e3   Thumb Code     0  stm32f10x.o(.text)
    DMAChannel4_IRQHandler                   0x080001e3   Thumb Code     0  stm32f10x.o(.text)
    DMAChannel5_IRQHandler                   0x080001e3   Thumb Code     0  stm32f10x.o(.text)
    DMAChannel6_IRQHandler                   0x080001e3   Thumb Code     0  stm32f10x.o(.text)
    DMAChannel7_IRQHandler                   0x080001e3   Thumb Code     0  stm32f10x.o(.text)
    EXTI0_IRQHandler                         0x080001e3   Thumb Code     0  stm32f10x.o(.text)
    EXTI1_IRQHandler                         0x080001e3   Thumb Code     0  stm32f10x.o(.text)
    RTC_IRQHandler                           0x080001e3   Thumb Code     0  stm32f10x.o(.text)
    TIM3_IRQHandler                          0x080001e3   Thumb Code     0  stm32f10x.o(.text)
    WWDG_IRQHandler                          0x080001e3   Thumb Code     0  stm32f10x.o(.text)
    __user_initial_stackheap                 0x080001e5   Thumb Code     0  stm32f10x.o(.text)
    main                                     0x08000201   Thumb Code    56  test.o(.text)
    delay_init                               0x0800023d   Thumb Code    56  delay.o(.text)
    delay_ms                                 0x08000275   Thumb Code    56  delay.o(.text)
    delay_us                                 0x080002ad   Thumb Code    56  delay.o(.text)
    MY_NVIC_SetVectorTable                   0x080002ed   Thumb Code    12  sys.o(.text)
    MY_NVIC_PriorityGroupConfig              0x080002f9   Thumb Code    36  sys.o(.text)
    MY_NVIC_Init                             0x0800031d   Thumb Code   144  sys.o(.text)
    Ex_NVIC_Config                           0x080003ad   Thumb Code   146  sys.o(.text)
    MYRCC_DeInit                             0x0800043f   Thumb Code    90  sys.o(.text)
    Sys_Standby                              0x08000499   Thumb Code    68  sys.o(.text)
    Sys_Soft_Reset                           0x080004dd   Thumb Code    12  sys.o(.text)
    JTAG_Set                                 0x080004e9   Thumb Code    42  sys.o(.text)
    Stm32_Clock_Init                         0x08000513   Thumb Code   134  sys.o(.text)
    _sys_exit                                0x080005c9   Thumb Code     6  usart.o(.text)
    fputc                                    0x080005cf   Thumb Code    24  usart.o(.text)
    uart_init                                0x080005e7   Thumb Code   182  usart.o(.text)
    Standard_GetConfiguration                0x080006ad   Thumb Code    34  usb_core.o(.text)
    Standard_SetConfiguration                0x080006cf   Thumb Code    60  usb_core.o(.text)
    Standard_GetInterface                    0x0800070b   Thumb Code    34  usb_core.o(.text)
    Standard_SetInterface                    0x0800072d   Thumb Code    96  usb_core.o(.text)
    Standard_GetStatus                       0x0800078d   Thumb Code   224  usb_core.o(.text)
    Standard_ClearFeature                    0x0800086d   Thumb Code   326  usb_core.o(.text)
    Standard_SetEndPointFeature              0x080009b3   Thumb Code   176  usb_core.o(.text)
    Standard_SetDeviceFeature                0x08000a63   Thumb Code    30  usb_core.o(.text)
    Standard_GetDescriptorData               0x08000a81   Thumb Code    62  usb_core.o(.text)
    Post0_Process                            0x08000fdd   Thumb Code    54  usb_core.o(.text)
    Setup0_Process                           0x08001013   Thumb Code   162  usb_core.o(.text)
    SetDeviceAddress                         0x080010b5   Thumb Code    64  usb_core.o(.text)
    In0_Process                              0x080010f5   Thumb Code    98  usb_core.o(.text)
    Out0_Process                             0x08001157   Thumb Code    70  usb_core.o(.text)
    NOP_Process                              0x0800119d   Thumb Code     2  usb_core.o(.text)
    USB_Init                                 0x080011cd   Thumb Code    36  usb_init.o(.text)
    CTR_LP                                   0x08001209   Thumb Code   774  usb_int.o(.text)
    CTR_HP                                   0x0800150f   Thumb Code   174  usb_int.o(.text)
    UserToPMABufferCopy                      0x080015dd   Thumb Code    52  usb_mem.o(.text)
    PMAToUserBufferCopy                      0x08001611   Thumb Code    34  usb_mem.o(.text)
    SetCNTR                                  0x08001639   Thumb Code     6  usb_regs.o(.text)
    GetCNTR                                  0x0800163f   Thumb Code     8  usb_regs.o(.text)
    SetISTR                                  0x08001647   Thumb Code     8  usb_regs.o(.text)
    GetISTR                                  0x0800164f   Thumb Code    10  usb_regs.o(.text)
    GetFNR                                   0x08001659   Thumb Code    10  usb_regs.o(.text)
    SetDADDR                                 0x08001663   Thumb Code     8  usb_regs.o(.text)
    GetDADDR                                 0x0800166b   Thumb Code    10  usb_regs.o(.text)
    SetBTABLE                                0x08001675   Thumb Code    14  usb_regs.o(.text)
    GetBTABLE                                0x08001683   Thumb Code    10  usb_regs.o(.text)
    SetENDPOINT                              0x0800168d   Thumb Code    12  usb_regs.o(.text)
    GetENDPOINT                              0x08001699   Thumb Code    16  usb_regs.o(.text)
    SetEPType                                0x080016a9   Thumb Code    32  usb_regs.o(.text)
    GetEPType                                0x080016c9   Thumb Code    18  usb_regs.o(.text)
    SetEPTxStatus                            0x080016db   Thumb Code    52  usb_regs.o(.text)
    SetEPRxStatus                            0x0800170f   Thumb Code    52  usb_regs.o(.text)
    SetDouBleBuffEPStall                     0x08001743   Thumb Code    54  usb_regs.o(.text)
    GetEPTxStatus                            0x08001779   Thumb Code    18  usb_regs.o(.text)
    GetEPRxStatus                            0x0800178b   Thumb Code    18  usb_regs.o(.text)
    SetEPTxValid                             0x0800179d   Thumb Code    38  usb_regs.o(.text)
    SetEPRxValid                             0x080017c3   Thumb Code    38  usb_regs.o(.text)
    SetEP_KIND                               0x080017e9   Thumb Code    32  usb_regs.o(.text)
    ClearEP_KIND                             0x08001809   Thumb Code    28  usb_regs.o(.text)
    Clear_Status_Out                         0x08001825   Thumb Code    28  usb_regs.o(.text)
    Set_Status_Out                           0x08001841   Thumb Code    32  usb_regs.o(.text)
    SetEPDoubleBuff                          0x08001861   Thumb Code    32  usb_regs.o(.text)
    ClearEPDoubleBuff                        0x08001881   Thumb Code    28  usb_regs.o(.text)
    GetTxStallStatus                         0x0800189d   Thumb Code    28  usb_regs.o(.text)
    GetRxStallStatus                         0x080018b9   Thumb Code    30  usb_regs.o(.text)
    ClearEP_CTR_RX                           0x080018d7   Thumb Code    32  usb_regs.o(.text)
    ClearEP_CTR_TX                           0x080018f7   Thumb Code    28  usb_regs.o(.text)
    ToggleDTOG_RX                            0x08001913   Thumb Code    32  usb_regs.o(.text)
    ToggleDTOG_TX                            0x08001933   Thumb Code    32  usb_regs.o(.text)
    ClearDTOG_RX                             0x08001953   Thumb Code    46  usb_regs.o(.text)
    ClearDTOG_TX                             0x08001981   Thumb Code    46  usb_regs.o(.text)
    SetEPAddress                             0x080019af   Thumb Code    32  usb_regs.o(.text)
    GetEPAddress                             0x080019cf   Thumb Code    18  usb_regs.o(.text)
    SetEPTxAddr                              0x080019e1   Thumb Code    26  usb_regs.o(.text)
    SetEPRxAddr                              0x080019fb   Thumb Code    42  usb_regs.o(.text)
    GetEPTxAddr                              0x08001a25   Thumb Code    22  usb_regs.o(.text)
    GetEPRxAddr                              0x08001a3b   Thumb Code    24  usb_regs.o(.text)
    SetEPTxCount                             0x08001a53   Thumb Code    20  usb_regs.o(.text)
    SetEPCountRxReg                          0x08001a67   Thumb Code    48  usb_regs.o(.text)
    SetEPRxCount                             0x08001a97   Thumb Code    68  usb_regs.o(.text)
    GetEPTxCount                             0x08001adb   Thumb Code    26  usb_regs.o(.text)
    GetEPRxCount                             0x08001af5   Thumb Code    26  usb_regs.o(.text)
    SetEPDblBuffAddr                         0x08001b0f   Thumb Code    44  usb_regs.o(.text)
    SetEPDblBuf0Addr                         0x08001b3b   Thumb Code    24  usb_regs.o(.text)
    SetEPDblBuf1Addr                         0x08001b53   Thumb Code    26  usb_regs.o(.text)
    GetEPDblBuf0Addr                         0x08001b6d   Thumb Code    22  usb_regs.o(.text)
    GetEPDblBuf1Addr                         0x08001b83   Thumb Code    24  usb_regs.o(.text)
    SetEPDblBuffCount                        0x08001b9b   Thumb Code   186  usb_regs.o(.text)
    SetEPDblBuf0Count                        0x08001c55   Thumb Code    96  usb_regs.o(.text)
    SetEPDblBuf1Count                        0x08001cb5   Thumb Code    96  usb_regs.o(.text)
    GetEPDblBuf0Count                        0x08001d15   Thumb Code    26  usb_regs.o(.text)
    GetEPDblBuf1Count                        0x08001d2f   Thumb Code    26  usb_regs.o(.text)
    GetEPDblBufDir                           0x08001d49   Thumb Code    62  usb_regs.o(.text)
    FreeUserBuffer                           0x08001d87   Thumb Code    74  usb_regs.o(.text)
    ToWord                                   0x08001dd1   Thumb Code     8  usb_regs.o(.text)
    ByteSwap                                 0x08001dd9   Thumb Code    12  usb_regs.o(.text)
    Set_USBClock                             0x08001df1   Thumb Code    24  hw_config.o(.text)
    Enter_LowPowerMode                       0x08001e09   Thumb Code     8  hw_config.o(.text)
    Leave_LowPowerMode                       0x08001e11   Thumb Code    22  hw_config.o(.text)
    USB_Interrupts_Config                    0x08001e27   Thumb Code    56  hw_config.o(.text)
    Joystick_Send                            0x08001e5f   Thumb Code    78  hw_config.o(.text)
    Get_SerialNum                            0x08001ead   Thumb Code    62  hw_config.o(.text)
    NMIException                             0x08001f05   Thumb Code     2  stm32f10x_it.o(.text)
    HardFaultException                       0x08001f07   Thumb Code     4  stm32f10x_it.o(.text)
    MemManageException                       0x08001f0b   Thumb Code     4  stm32f10x_it.o(.text)
    BusFaultException                        0x08001f0f   Thumb Code     4  stm32f10x_it.o(.text)
    UsageFaultException                      0x08001f13   Thumb Code     4  stm32f10x_it.o(.text)
    DebugMonitor                             0x08001f17   Thumb Code     2  stm32f10x_it.o(.text)
    SVCHandler                               0x08001f19   Thumb Code     2  stm32f10x_it.o(.text)
    PendSVC                                  0x08001f1b   Thumb Code     2  stm32f10x_it.o(.text)
    SysTickHandler                           0x08001f1d   Thumb Code     2  stm32f10x_it.o(.text)
    PVD_IRQHandler                           0x08001f1f   Thumb Code     2  stm32f10x_it.o(.text)
    TAMPER_IRQHandler                        0x08001f21   Thumb Code     2  stm32f10x_it.o(.text)
    FLASH_IRQHandler                         0x08001f23   Thumb Code     2  stm32f10x_it.o(.text)
    RCC_IRQHandler                           0x08001f25   Thumb Code     2  stm32f10x_it.o(.text)
    EXTI2_IRQHandler                         0x08001f27   Thumb Code     2  stm32f10x_it.o(.text)
    EXTI3_IRQHandler                         0x08001f29   Thumb Code     2  stm32f10x_it.o(.text)
    EXTI4_IRQHandler                         0x08001f2b   Thumb Code     2  stm32f10x_it.o(.text)
    DMA1_Channel1_IRQHandler                 0x08001f2d   Thumb Code     2  stm32f10x_it.o(.text)
    DMA1_Channel2_IRQHandler                 0x08001f2f   Thumb Code     2  stm32f10x_it.o(.text)
    DMA1_Channel3_IRQHandler                 0x08001f31   Thumb Code     2  stm32f10x_it.o(.text)
    DMA1_Channel4_IRQHandler                 0x08001f33   Thumb Code     2  stm32f10x_it.o(.text)
    DMA1_Channel5_IRQHandler                 0x08001f35   Thumb Code     2  stm32f10x_it.o(.text)
    DMA1_Channel6_IRQHandler                 0x08001f37   Thumb Code     2  stm32f10x_it.o(.text)
    DMA1_Channel7_IRQHandler                 0x08001f39   Thumb Code     2  stm32f10x_it.o(.text)
    ADC1_2_IRQHandler                        0x08001f3b   Thumb Code     2  stm32f10x_it.o(.text)
    USB_HP_CAN_TX_IRQHandler                 0x08001f3d   Thumb Code     2  stm32f10x_it.o(.text)
    USB_LP_CAN_RX0_IRQHandler                0x08001f3f   Thumb Code     8  stm32f10x_it.o(.text)
    CAN_RX1_IRQHandler                       0x08001f47   Thumb Code     2  stm32f10x_it.o(.text)
    CAN_SCE_IRQHandler                       0x08001f49   Thumb Code     2  stm32f10x_it.o(.text)
    EXTI9_5_IRQHandler                       0x08001f4b   Thumb Code     2  stm32f10x_it.o(.text)
    TIM1_BRK_IRQHandler                      0x08001f4d   Thumb Code     2  stm32f10x_it.o(.text)
    TIM1_UP_IRQHandler                       0x08001f4f   Thumb Code     2  stm32f10x_it.o(.text)
    TIM1_TRG_COM_IRQHandler                  0x08001f51   Thumb Code     2  stm32f10x_it.o(.text)
    TIM1_CC_IRQHandler                       0x08001f53   Thumb Code     2  stm32f10x_it.o(.text)
    TIM2_IRQHandler                          0x08001f55   Thumb Code     2  stm32f10x_it.o(.text)
    TIM4_IRQHandler                          0x08001f57   Thumb Code     2  stm32f10x_it.o(.text)
    I2C1_EV_IRQHandler                       0x08001f59   Thumb Code     2  stm32f10x_it.o(.text)
    I2C1_ER_IRQHandler                       0x08001f5b   Thumb Code     2  stm32f10x_it.o(.text)
    I2C2_EV_IRQHandler                       0x08001f5d   Thumb Code     2  stm32f10x_it.o(.text)
    I2C2_ER_IRQHandler                       0x08001f5f   Thumb Code     2  stm32f10x_it.o(.text)
    SPI1_IRQHandler                          0x08001f61   Thumb Code     2  stm32f10x_it.o(.text)
    SPI2_IRQHandler                          0x08001f63   Thumb Code     2  stm32f10x_it.o(.text)
    USART1_IRQHandler                        0x08001f65   Thumb Code     2  stm32f10x_it.o(.text)
    USART2_IRQHandler                        0x08001f67   Thumb Code     2  stm32f10x_it.o(.text)
    USART3_IRQHandler                        0x08001f69   Thumb Code     2  stm32f10x_it.o(.text)
    EXTI15_10_IRQHandler                     0x08001f6b   Thumb Code     2  stm32f10x_it.o(.text)
    RTCAlarm_IRQHandler                      0x08001f6d   Thumb Code     2  stm32f10x_it.o(.text)
    USBWakeUp_IRQHandler                     0x08001f6f   Thumb Code    14  stm32f10x_it.o(.text)
    TIM8_BRK_IRQHandler                      0x08001f7d   Thumb Code     2  stm32f10x_it.o(.text)
    TIM8_UP_IRQHandler                       0x08001f7f   Thumb Code     2  stm32f10x_it.o(.text)
    TIM8_TRG_COM_IRQHandler                  0x08001f81   Thumb Code     2  stm32f10x_it.o(.text)
    TIM8_CC_IRQHandler                       0x08001f83   Thumb Code     2  stm32f10x_it.o(.text)
    ADC3_IRQHandler                          0x08001f85   Thumb Code     2  stm32f10x_it.o(.text)
    FSMC_IRQHandler                          0x08001f87   Thumb Code     2  stm32f10x_it.o(.text)
    SDIO_IRQHandler                          0x08001f89   Thumb Code     2  stm32f10x_it.o(.text)
    TIM5_IRQHandler                          0x08001f8b   Thumb Code     2  stm32f10x_it.o(.text)
    SPI3_IRQHandler                          0x08001f8d   Thumb Code     2  stm32f10x_it.o(.text)
    UART4_IRQHandler                         0x08001f8f   Thumb Code     2  stm32f10x_it.o(.text)
    UART5_IRQHandler                         0x08001f91   Thumb Code     2  stm32f10x_it.o(.text)
    TIM6_IRQHandler                          0x08001f93   Thumb Code     2  stm32f10x_it.o(.text)
    TIM7_IRQHandler                          0x08001f95   Thumb Code     2  stm32f10x_it.o(.text)
    DMA2_Channel1_IRQHandler                 0x08001f97   Thumb Code     2  stm32f10x_it.o(.text)
    DMA2_Channel2_IRQHandler                 0x08001f99   Thumb Code     2  stm32f10x_it.o(.text)
    DMA2_Channel3_IRQHandler                 0x08001f9b   Thumb Code     2  stm32f10x_it.o(.text)
    DMA2_Channel4_5_IRQHandler               0x08001f9d   Thumb Code     2  stm32f10x_it.o(.text)
    USB_Istr                                 0x08001fa5   Thumb Code   222  usb_istr.o(.text)
    EP1_IN_Callback                          0x08002083   Thumb Code     8  usb_istr.o(.text)
    EP2_IN_Callback                          0x0800208b   Thumb Code     8  usb_istr.o(.text)
    EP1_OUT_Callback                         0x08002093   Thumb Code    10  usb_istr.o(.text)
    Joystick_init                            0x080020bd   Thumb Code    50  usb_prop.o(.text)
    Joystick_Reset                           0x080020ef   Thumb Code   204  usb_prop.o(.text)
    Joystick_SetConfiguration                0x080021bb   Thumb Code     2  usb_prop.o(.text)
    Joystick_SetDeviceAddress                0x080021bd   Thumb Code     2  usb_prop.o(.text)
    Joystick_Status_In                       0x080021bf   Thumb Code     2  usb_prop.o(.text)
    Joystick_Status_Out                      0x080021c1   Thumb Code     2  usb_prop.o(.text)
    Joystick_GetProtocolValue                0x080021c3   Thumb Code    20  usb_prop.o(.text)
    Mouse_GetHIDDescriptor                   0x080021d7   Thumb Code    14  usb_prop.o(.text)
    KP_GetHIDDescriptor                      0x080021e5   Thumb Code    14  usb_prop.o(.text)
    Mouse_GetReportDescriptor                0x080021f3   Thumb Code    20  usb_prop.o(.text)
    KP_GetReportDescriptor                   0x08002207   Thumb Code    14  usb_prop.o(.text)
    Joystick_Data_Setup                      0x08002215   Thumb Code   144  usb_prop.o(.text)
    Joystick_SetProtocol                     0x080022a5   Thumb Code    14  usb_prop.o(.text)
    Joystick_NoData_Setup                    0x080022b3   Thumb Code    32  usb_prop.o(.text)
    Joystick_GetDeviceDescriptor             0x080022d3   Thumb Code    14  usb_prop.o(.text)
    Joystick_GetConfigDescriptor             0x080022e1   Thumb Code    14  usb_prop.o(.text)
    Joystick_GetStringDescriptor             0x080022ef   Thumb Code    24  usb_prop.o(.text)
    Joystick_Get_Interface_Setting           0x08002307   Thumb Code    22  usb_prop.o(.text)
    PowerOn                                  0x08002359   Thumb Code    46  usb_pwr.o(.text)
    PowerOff                                 0x08002387   Thumb Code    22  usb_pwr.o(.text)
    Suspend                                  0x0800239d   Thumb Code    34  usb_pwr.o(.text)
    Resume_Init                              0x080023bf   Thumb Code    30  usb_pwr.o(.text)
    Resume                                   0x080023dd   Thumb Code   168  usb_pwr.o(.text)
    __use_no_semihosting                     0x08002491   Thumb Code     2  use_no_semi_2.o(.text)
    __use_two_region_memory                  0x08002493   Thumb Code     2  heapauxi.o(.text)
    __rt_heap_escrow$2region                 0x08002495   Thumb Code     2  heapauxi.o(.text)
    __rt_heap_expand$2region                 0x08002497   Thumb Code     2  heapauxi.o(.text)
    __I$use$semihosting                      0x08002499   Thumb Code     0  use_no_semi.o(.text)
    __use_no_semihosting_swi                 0x08002499   Thumb Code     2  use_no_semi.o(.text)
    __user_setup_stackheap                   0x0800249b   Thumb Code    74  sys_stackheap_outer.o(.text)
    exit                                     0x080024e5   Thumb Code    18  exit.o(.text)
    __user_libspace                          0x080024f9   Thumb Code     8  libspace.o(.text)
    __user_perproc_libspace                  0x080024f9   Thumb Code     0  libspace.o(.text)
    __user_perthread_libspace                0x080024f9   Thumb Code     0  libspace.o(.text)
    __aeabi_fadd                             0x08002501   Thumb Code     0  faddsub_clz.o(x$fpl$fadd)
    _fadd                                    0x08002501   Thumb Code   196  faddsub_clz.o(x$fpl$fadd)
    __aeabi_fdiv                             0x080025c5   Thumb Code     0  fdiv.o(x$fpl$fdiv)
    _fdiv                                    0x080025c5   Thumb Code   384  fdiv.o(x$fpl$fdiv)
    __aeabi_f2uiz                            0x08002749   Thumb Code     0  ffixu.o(x$fpl$ffixu)
    _ffixu                                   0x08002749   Thumb Code    62  ffixu.o(x$fpl$ffixu)
    __aeabi_ui2f                             0x08002789   Thumb Code     0  fflt_clz.o(x$fpl$ffltu)
    _ffltu                                   0x08002789   Thumb Code    38  fflt_clz.o(x$fpl$ffltu)
    __aeabi_fmul                             0x080027b1   Thumb Code     0  fmul.o(x$fpl$fmul)
    _fmul                                    0x080027b1   Thumb Code   258  fmul.o(x$fpl$fmul)
    __fpl_fnaninf                            0x080028b3   Thumb Code   140  fnaninf.o(x$fpl$fnaninf)
    __fpl_fretinf                            0x0800293f   Thumb Code    10  fretinf.o(x$fpl$fretinf)
    __aeabi_frsub                            0x08002949   Thumb Code     0  faddsub_clz.o(x$fpl$frsb)
    _frsb                                    0x08002949   Thumb Code    20  faddsub_clz.o(x$fpl$frsb)
    __aeabi_fsub                             0x0800295d   Thumb Code     0  faddsub_clz.o(x$fpl$fsub)
    _fsub                                    0x0800295d   Thumb Code   234  faddsub_clz.o(x$fpl$fsub)
    Joystick_DeviceDescriptor                0x08002a46   Data          18  usb_desc.o(.constdata)
    __I$use$fp                               0x08002a46   Number         0  usenofp.o(x$fpl$usenofp)
    Joystick_ConfigDescriptor                0x08002a58   Data          66  usb_desc.o(.constdata)
    KeyboardReportDescriptor                 0x08002a9a   Data          63  usb_desc.o(.constdata)
    MouseReportDescriptor                    0x08002ad9   Data          54  usb_desc.o(.constdata)
    Joystick_StringLangID                    0x08002b0f   Data           4  usb_desc.o(.constdata)
    Joystick_StringVendor                    0x08002b13   Data          38  usb_desc.o(.constdata)
    Joystick_StringProduct                   0x08002b39   Data          30  usb_desc.o(.constdata)
    Region$$Table$$Base                      0x08002b58   Number         0  anon$$obj.o(Region$$Table)
    Region$$Table$$Limit                     0x08002b78   Number         0  anon$$obj.o(Region$$Table)
    StatusInfo                               0x20000004   Data           2  usb_core.o(.data)
    Data_Mul_MaxPacketSize                   0x20000006   Data           1  usb_core.o(.data)
    EPindex                                  0x20000008   Data           1  usb_init.o(.data)
    pInformation                             0x2000000c   Data           4  usb_init.o(.data)
    pProperty                                0x20000010   Data           4  usb_init.o(.data)
    SaveState                                0x20000014   Data           2  usb_init.o(.data)
    wInterrupt_Mask                          0x20000016   Data           2  usb_init.o(.data)
    pUser_Standard_Requests                  0x20000018   Data           4  usb_init.o(.data)
    SaveRState                               0x2000001c   Data           2  usb_int.o(.data)
    SaveTState                               0x2000001e   Data           2  usb_int.o(.data)
    Joystick_StringSerial                    0x20000020   Data          26  usb_desc.o(.data)
    wIstr                                    0x2000003c   Data           2  usb_istr.o(.data)
    bIntPackSOF                              0x2000003e   Data           1  usb_istr.o(.data)
    pEpInt_IN                                0x20000040   Data          28  usb_istr.o(.data)
    pEpInt_OUT                               0x2000005c   Data          28  usb_istr.o(.data)
    EP1BUSY                                  0x20000078   Data           1  usb_istr.o(.data)
    EP2BUSY                                  0x20000079   Data           1  usb_istr.o(.data)
    ProtocolValue                            0x2000007c   Data           4  usb_prop.o(.data)
    Device_Table                             0x20000080   Data           2  usb_prop.o(.data)
    Device_Property                          0x20000084   Data          48  usb_prop.o(.data)
    User_Standard_Requests                   0x200000b4   Data          36  usb_prop.o(.data)
    Device_Descriptor                        0x200000d8   Data           8  usb_prop.o(.data)
    Config_Descriptor                        0x200000e0   Data           8  usb_prop.o(.data)
    KP_Report_Descriptor                     0x200000e8   Data           8  usb_prop.o(.data)
    KP_Hid_Descriptor                        0x200000f0   Data           8  usb_prop.o(.data)
    Mouse_Report_Descriptor                  0x200000f8   Data           8  usb_prop.o(.data)
    Mouse_Hid_Descriptor                     0x20000100   Data           8  usb_prop.o(.data)
    String_Descriptor                        0x20000108   Data          32  usb_prop.o(.data)
    INIT_OK                                  0x20000128   Data           1  usb_prop.o(.data)
    bDeviceState                             0x2000012c   Data           4  usb_pwr.o(.data)
    fSuspendEnabled                          0x20000130   Data           1  usb_pwr.o(.data)
    ResumeS                                  0x20000131   Data           2  usb_pwr.o(.data)
    Device_Info                              0x20000134   Data          28  usb_init.o(.bss)
    __libspace_start                         0x20000150   Data          96  libspace.o(.bss)
    __temporary_stack_top$libspace           0x200001b0   Data           0  libspace.o(.bss)



==============================================================================

Memory Map of the image

  Image Entry point : 0x080000ed

  Load Region LR_IROM1 (Base: 0x08000000, Size: 0x00002cac, Max: 0x00040000, ABSOLUTE, COMPRESSED[0x00002c08])

    Execution Region ER_IROM1 (Base: 0x08000000, Size: 0x00002b78, Max: 0x00040000, ABSOLUTE)

    Base Addr    Size         Type   Attr      Idx    E Section Name        Object

    0x08000000   0x000000ec   Data   RO            3    RESET               stm32f10x.o
    0x080000ec   0x00000008   Code   RO          359  * !!!main             c_w.l(__main.o)
    0x080000f4   0x00000034   Code   RO          543    !!!scatter          c_w.l(__scatter.o)
    0x08000128   0x0000005a   Code   RO          541    !!dczerorl2         c_w.l(__dczerorl2.o)
    0x08000182   0x00000002   PAD
    0x08000184   0x0000001c   Code   RO          545    !!handler_zi        c_w.l(__scatter_zi.o)
    0x080001a0   0x00000002   Code   RO          415    .ARM.Collect$$libinit$$00000000  c_w.l(libinit.o)
    0x080001a2   0x00000000   Code   RO          422    .ARM.Collect$$libinit$$00000002  c_w.l(libinit2.o)
    0x080001a2   0x00000000   Code   RO          424    .ARM.Collect$$libinit$$00000004  c_w.l(libinit2.o)
    0x080001a2   0x00000000   Code   RO          427    .ARM.Collect$$libinit$$0000000A  c_w.l(libinit2.o)
    0x080001a2   0x00000000   Code   RO          429    .ARM.Collect$$libinit$$0000000C  c_w.l(libinit2.o)
    0x080001a2   0x00000000   Code   RO          431    .ARM.Collect$$libinit$$0000000E  c_w.l(libinit2.o)
    0x080001a2   0x00000000   Code   RO          434    .ARM.Collect$$libinit$$00000011  c_w.l(libinit2.o)
    0x080001a2   0x00000000   Code   RO          436    .ARM.Collect$$libinit$$00000013  c_w.l(libinit2.o)
    0x080001a2   0x00000000   Code   RO          438    .ARM.Collect$$libinit$$00000015  c_w.l(libinit2.o)
    0x080001a2   0x00000000   Code   RO          440    .ARM.Collect$$libinit$$00000017  c_w.l(libinit2.o)
    0x080001a2   0x00000000   Code   RO          442    .ARM.Collect$$libinit$$00000019  c_w.l(libinit2.o)
    0x080001a2   0x00000000   Code   RO          444    .ARM.Collect$$libinit$$0000001B  c_w.l(libinit2.o)
    0x080001a2   0x00000000   Code   RO          446    .ARM.Collect$$libinit$$0000001D  c_w.l(libinit2.o)
    0x080001a2   0x00000000   Code   RO          448    .ARM.Collect$$libinit$$0000001F  c_w.l(libinit2.o)
    0x080001a2   0x00000000   Code   RO          450    .ARM.Collect$$libinit$$00000021  c_w.l(libinit2.o)
    0x080001a2   0x00000000   Code   RO          452    .ARM.Collect$$libinit$$00000023  c_w.l(libinit2.o)
    0x080001a2   0x00000000   Code   RO          454    .ARM.Collect$$libinit$$00000025  c_w.l(libinit2.o)
    0x080001a2   0x00000000   Code   RO          458    .ARM.Collect$$libinit$$0000002C  c_w.l(libinit2.o)
    0x080001a2   0x00000000   Code   RO          460    .ARM.Collect$$libinit$$0000002E  c_w.l(libinit2.o)
    0x080001a2   0x00000000   Code   RO          462    .ARM.Collect$$libinit$$00000030  c_w.l(libinit2.o)
    0x080001a2   0x00000000   Code   RO          464    .ARM.Collect$$libinit$$00000032  c_w.l(libinit2.o)
    0x080001a2   0x00000002   Code   RO          465    .ARM.Collect$$libinit$$00000033  c_w.l(libinit2.o)
    0x080001a4   0x00000002   Code   RO          483    .ARM.Collect$$libshutdown$$00000000  c_w.l(libshutdown.o)
    0x080001a6   0x00000000   Code   RO          493    .ARM.Collect$$libshutdown$$00000002  c_w.l(libshutdown2.o)
    0x080001a6   0x00000000   Code   RO          495    .ARM.Collect$$libshutdown$$00000004  c_w.l(libshutdown2.o)
    0x080001a6   0x00000000   Code   RO          498    .ARM.Collect$$libshutdown$$00000007  c_w.l(libshutdown2.o)
    0x080001a6   0x00000000   Code   RO          501    .ARM.Collect$$libshutdown$$0000000A  c_w.l(libshutdown2.o)
    0x080001a6   0x00000000   Code   RO          503    .ARM.Collect$$libshutdown$$0000000C  c_w.l(libshutdown2.o)
    0x080001a6   0x00000000   Code   RO          506    .ARM.Collect$$libshutdown$$0000000F  c_w.l(libshutdown2.o)
    0x080001a6   0x00000002   Code   RO          507    .ARM.Collect$$libshutdown$$00000010  c_w.l(libshutdown2.o)
    0x080001a8   0x00000000   Code   RO          385    .ARM.Collect$$rtentry$$00000000  c_w.l(__rtentry.o)
    0x080001a8   0x00000000   Code   RO          392    .ARM.Collect$$rtentry$$00000002  c_w.l(__rtentry2.o)
    0x080001a8   0x00000006   Code   RO          404    .ARM.Collect$$rtentry$$00000004  c_w.l(__rtentry4.o)
    0x080001ae   0x00000000   Code   RO          394    .ARM.Collect$$rtentry$$00000009  c_w.l(__rtentry2.o)
    0x080001ae   0x00000004   Code   RO          395    .ARM.Collect$$rtentry$$0000000A  c_w.l(__rtentry2.o)
    0x080001b2   0x00000000   Code   RO          397    .ARM.Collect$$rtentry$$0000000C  c_w.l(__rtentry2.o)
    0x080001b2   0x00000008   Code   RO          398    .ARM.Collect$$rtentry$$0000000D  c_w.l(__rtentry2.o)
    0x080001ba   0x00000002   Code   RO          419    .ARM.Collect$$rtexit$$00000000  c_w.l(rtexit.o)
    0x080001bc   0x00000000   Code   RO          467    .ARM.Collect$$rtexit$$00000002  c_w.l(rtexit2.o)
    0x080001bc   0x00000004   Code   RO          468    .ARM.Collect$$rtexit$$00000003  c_w.l(rtexit2.o)
    0x080001c0   0x00000006   Code   RO          469    .ARM.Collect$$rtexit$$00000004  c_w.l(rtexit2.o)
    0x080001c6   0x00000002   PAD
    0x080001c8   0x00000002   Code   RO           96    .emb_text           sys.o
    0x080001ca   0x00000002   PAD
    0x080001cc   0x00000034   Code   RO            4    .text               stm32f10x.o
    0x08000200   0x0000003c   Code   RO           10    .text               test.o
    0x0800023c   0x000000b0   Code   RO           82    .text               delay.o
    0x080002ec   0x000002dc   Code   RO           97    .text               sys.o
    0x080005c8   0x000000e4   Code   RO          112    .text               usart.o
    0x080006ac   0x00000b20   Code   RO          135    .text               usb_core.o
    0x080011cc   0x0000003c   Code   RO          165    .text               usb_init.o
    0x08001208   0x000003d4   Code   RO          188    .text               usb_int.o
    0x080015dc   0x0000005c   Code   RO          212    .text               usb_mem.o
    0x08001638   0x000007b8   Code   RO          224    .text               usb_regs.o
    0x08001df0   0x00000114   Code   RO          236    .text               hw_config.o
    0x08001f04   0x000000a0   Code   RO          255    .text               stm32f10x_it.o
    0x08001fa4   0x00000118   Code   RO          283    .text               usb_istr.o
    0x080020bc   0x0000029c   Code   RO          308    .text               usb_prop.o
    0x08002358   0x00000138   Code   RO          335    .text               usb_pwr.o
    0x08002490   0x00000002   Code   RO          355    .text               c_w.l(use_no_semi_2.o)
    0x08002492   0x00000006   Code   RO          357    .text               c_w.l(heapauxi.o)
    0x08002498   0x00000002   Code   RO          383    .text               c_w.l(use_no_semi.o)
    0x0800249a   0x0000004a   Code   RO          406    .text               c_w.l(sys_stackheap_outer.o)
    0x080024e4   0x00000012   Code   RO          408    .text               c_w.l(exit.o)
    0x080024f6   0x00000002   PAD
    0x080024f8   0x00000008   Code   RO          416    .text               c_w.l(libspace.o)
    0x08002500   0x000000c4   Code   RO          361    x$fpl$fadd          fz_ws.l(faddsub_clz.o)
    0x080025c4   0x00000184   Code   RO          368    x$fpl$fdiv          fz_ws.l(fdiv.o)
    0x08002748   0x0000003e   Code   RO          371    x$fpl$ffixu         fz_ws.l(ffixu.o)
    0x08002786   0x00000002   PAD
    0x08002788   0x00000026   Code   RO          375    x$fpl$ffltu         fz_ws.l(fflt_clz.o)
    0x080027ae   0x00000002   PAD
    0x080027b0   0x00000102   Code   RO          381    x$fpl$fmul          fz_ws.l(fmul.o)
    0x080028b2   0x0000008c   Code   RO          386    x$fpl$fnaninf       fz_ws.l(fnaninf.o)
    0x0800293e   0x0000000a   Code   RO          388    x$fpl$fretinf       fz_ws.l(fretinf.o)
    0x08002948   0x00000014   Code   RO          362    x$fpl$frsb          fz_ws.l(faddsub_clz.o)
    0x0800295c   0x000000ea   Code   RO          363    x$fpl$fsub          fz_ws.l(faddsub_clz.o)
    0x08002a46   0x00000000   Code   RO          390    x$fpl$usenofp       fz_ws.l(usenofp.o)
    0x08002a46   0x00000111   Data   RO          270    .constdata          usb_desc.o
    0x08002b57   0x00000001   PAD
    0x08002b58   0x00000020   Data   RO          539    Region$$Table       anon$$obj.o


    Execution Region RW_IRAM1 (Base: 0x20000000, Size: 0x000003b0, Max: 0x0000c000, ABSOLUTE, COMPRESSED[0x00000090])

    Base Addr    Size         Type   Attr      Idx    E Section Name        Object

    0x20000000   0x00000004   Data   RW           83    .data               delay.o
    0x20000004   0x00000003   Data   RW          136    .data               usb_core.o
    0x20000007   0x00000001   PAD
    0x20000008   0x00000014   Data   RW          167    .data               usb_init.o
    0x2000001c   0x00000004   Data   RW          189    .data               usb_int.o
    0x20000020   0x0000001a   Data   RW          271    .data               usb_desc.o
    0x2000003a   0x00000002   PAD
    0x2000003c   0x0000003e   Data   RW          284    .data               usb_istr.o
    0x2000007a   0x00000002   PAD
    0x2000007c   0x000000ad   Data   RW          309    .data               usb_prop.o
    0x20000129   0x00000003   PAD
    0x2000012c   0x00000007   Data   RW          336    .data               usb_pwr.o
    0x20000133   0x00000001   PAD
    0x20000134   0x0000001c   Zero   RW          166    .bss                usb_init.o
    0x20000150   0x00000060   Zero   RW          417    .bss                c_w.l(libspace.o)
    0x200001b0   0x00000000   Zero   RW            2    HEAP                stm32f10x.o
    0x200001b0   0x00000200   Zero   RW            1    STACK               stm32f10x.o


==============================================================================

Image component sizes


      Code (inc. data)   RO Data    RW Data    ZI Data      Debug   Object Name

       176          8          0          4          0       1255   delay.o
       276         26          0          0          0       2159   hw_config.o
        52         18        236          0        512        876   stm32f10x.o
       160          6          0          0          0       7147   stm32f10x_it.o
       734         48          0          0          0       2979   sys.o
        60          4          0          0          0       6123   test.o
       228         16          0          0          0       2807   usart.o
      2848        112          0          3          0      19735   usb_core.o
         0          0        273         26          0       1310   usb_desc.o
        60         24          0         20         28       4366   usb_init.o
       980         32          0          4          0       2004   usb_int.o
       280         32          0         62          0       2077   usb_istr.o
        92          6          0          0          0       1534   usb_mem.o
       668         60          0        173          0       8451   usb_prop.o
       312         20          0          7          0       3057   usb_pwr.o
      1976         26          0          0          0      12041   usb_regs.o

    ----------------------------------------------------------------------
      8904        438        542        308        540      77921   Object Totals
         0          0         32          0          0          0   (incl. Generated)
         2          0          1          9          0          0   (incl. Padding)

    ----------------------------------------------------------------------

      Code (inc. data)   RO Data    RW Data    ZI Data      Debug   Library Member Name

        90          0          0          0          0          0   __dczerorl2.o
         8          0          0          0          0         68   __main.o
         0          0          0          0          0          0   __rtentry.o
        12          0          0          0          0          0   __rtentry2.o
         6          0          0          0          0          0   __rtentry4.o
        52          8          0          0          0          0   __scatter.o
        28          0          0          0          0          0   __scatter_zi.o
        18          0          0          0          0         80   exit.o
         6          0          0          0          0        152   heapauxi.o
         2          0          0          0          0          0   libinit.o
         2          0          0          0          0          0   libinit2.o
         2          0          0          0          0          0   libshutdown.o
         2          0          0          0          0          0   libshutdown2.o
         8          4          0          0         96         68   libspace.o
         2          0          0          0          0          0   rtexit.o
        10          0          0          0          0          0   rtexit2.o
        74          0          0          0          0         80   sys_stackheap_outer.o
         2          0          0          0          0         68   use_no_semi.o
         2          0          0          0          0         68   use_no_semi_2.o
       450          8          0          0          0        236   faddsub_clz.o
       388         76          0          0          0         96   fdiv.o
        62          4          0          0          0         84   ffixu.o
        38          0          0          0          0         68   fflt_clz.o
       258          4          0          0          0         84   fmul.o
       140          4          0          0          0         84   fnaninf.o
        10          0          0          0          0         68   fretinf.o
         0          0          0          0          0          0   usenofp.o

    ----------------------------------------------------------------------
      1682        108          0          0         96       1304   Library Totals
        10          0          0          0          0          0   (incl. Padding)

    ----------------------------------------------------------------------

      Code (inc. data)   RO Data    RW Data    ZI Data      Debug   Library Name

       326         12          0          0         96        584   c_w.l
      1346         96          0          0          0        720   fz_ws.l

    ----------------------------------------------------------------------
      1682        108          0          0         96       1304   Library Totals

    ----------------------------------------------------------------------

==============================================================================


      Code (inc. data)   RO Data    RW Data    ZI Data      Debug   

     10586        546        542        308        636      77245   Grand Totals
     10586        546        542        144        636      77245   ELF Image Totals (compressed)
     10586        546        542        144          0          0   ROM Totals

==============================================================================

    Total RO  Size (Code + RO Data)                11128 (  10.87kB)
    Total RW  Size (RW Data + ZI Data)               944 (   0.92kB)
    Total ROM Size (Code + RO Data + RW Data)      11272 (  11.01kB)

==============================================================================

